// Jest Snapshot v1, https://goo.gl/fbAQLP

exports[`render with default props 1`] = `
<div
  className="ant-list ant-list-vertical ant-list-lg ant-list-split"
>
  <div
    className="ant-spin-nested-loading"
    style={null}
  >
    <div
      className="ant-spin-container"
    >
      <div
        className="ant-list-empty-text"
      >
        No data
      </div>
    </div>
  </div>
</div>
`;

exports[`render with full props 1`] = `
<div
  className="ant-list ant-list-vertical ant-list-lg ant-list-split"
>
  <div
    className="ant-spin-nested-loading"
    style={null}
  >
    <div
      className="ant-spin-container"
    >
      <div
        className="ant-list-item"
      >
        <div
          className="ant-list-item-extra-wrap"
        >
          <div
            className="ant-list-item-main"
          >
            <div
              className="ant-list-item-meta"
            >
              <div
                className="ant-list-item-meta-content"
              >
                <h4
                  className="ant-list-item-meta-title"
                >
                  <a
                    href="/article/5ba46d04068401528a2dc251"
                    onClick={[Function]}
                  >
                    Singapore, for Those Who Aren’t Crazy Rich
                  </a>
                </h4>
                <div
                  className="ant-list-item-meta-description"
                >
                  The New York Times
                </div>
              </div>
            </div>
            <div
              className="ant-list-item-content"
            >
              In the hit movie “Crazy Rich Asians,” the country looks luxe. But it’s easy to have a great time (and eat memorably well) without spending much.
              <div
                className="news-keywords"
              >
                <span
                  className="news-badge"
                >
                  Travel and Vacations
                </span>
                <span
                  className="news-badge"
                >
                  Singapore
                </span>
                <span
                  className="news-badge"
                >
                  Crazy Rich Asians (Movie)
                </span>
              </div>
            </div>
          </div>
          <div
            className="ant-list-item-extra"
          >
            <a
              href="/article/5ba46d04068401528a2dc251"
              onClick={[Function]}
            >
              <img
                alt="Singapore, for Those Who Aren’t Crazy Rich"
                className="news-image"
                src="https://www.nytimes.com/images/2018/09/23/travel/23singapore1/merlin_142944708_9276e9dd-b36e-40f3-90f6-34e79e64552e-articleLarge.jpg"
              />
            </a>
          </div>
        </div>
      </div>
      <div
        className="ant-list-item"
      >
        <div
          className="ant-list-item-meta"
        >
          <div
            className="ant-list-item-meta-content"
          >
            <h4
              className="ant-list-item-meta-title"
            >
              <a
                href="/article/undefined"
                onClick={[Function]}
              />
            </h4>
          </div>
        </div>
        <div
          className="ant-list-item-content"
        >
          <div
            className="news-keywords"
          />
        </div>
      </div>
      <div
        className="ant-list-item"
      >
        <div
          className="ant-list-item-meta"
        >
          <div
            className="ant-list-item-meta-content"
          >
            <h4
              className="ant-list-item-meta-title"
            >
              <a
                href="/article/undefined"
                onClick={[Function]}
              />
            </h4>
          </div>
        </div>
        <div
          className="ant-list-item-content"
        >
          <div
            className="news-keywords"
          />
        </div>
      </div>
      <div
        className="ant-list-item"
      >
        <div
          className="ant-list-item-meta"
        >
          <div
            className="ant-list-item-meta-content"
          >
            <h4
              className="ant-list-item-meta-title"
            >
              <a
                href="/article/undefined"
                onClick={[Function]}
              />
            </h4>
          </div>
        </div>
        <div
          className="ant-list-item-content"
        >
          <div
            className="news-keywords"
          />
        </div>
      </div>
      <div
        className="ant-list-item"
      >
        <div
          className="ant-list-item-meta"
        >
          <div
            className="ant-list-item-meta-content"
          >
            <h4
              className="ant-list-item-meta-title"
            >
              <a
                href="/article/undefined"
                onClick={[Function]}
              />
            </h4>
          </div>
        </div>
        <div
          className="ant-list-item-content"
        >
          <div
            className="news-keywords"
          />
        </div>
      </div>
      <div
        className="ant-list-item"
      >
        <div
          className="ant-list-item-meta"
        >
          <div
            className="ant-list-item-meta-content"
          >
            <h4
              className="ant-list-item-meta-title"
            >
              <a
                href="/article/undefined"
                onClick={[Function]}
              />
            </h4>
          </div>
        </div>
        <div
          className="ant-list-item-content"
        >
          <div
            className="news-keywords"
          />
        </div>
      </div>
      <div
        className="ant-list-item"
      >
        <div
          className="ant-list-item-meta"
        >
          <div
            className="ant-list-item-meta-content"
          >
            <h4
              className="ant-list-item-meta-title"
            >
              <a
                href="/article/undefined"
                onClick={[Function]}
              />
            </h4>
          </div>
        </div>
        <div
          className="ant-list-item-content"
        >
          <div
            className="news-keywords"
          />
        </div>
      </div>
      <div
        className="ant-list-item"
      >
        <div
          className="ant-list-item-meta"
        >
          <div
            className="ant-list-item-meta-content"
          >
            <h4
              className="ant-list-item-meta-title"
            >
              <a
                href="/article/undefined"
                onClick={[Function]}
              />
            </h4>
          </div>
        </div>
        <div
          className="ant-list-item-content"
        >
          <div
            className="news-keywords"
          />
        </div>
      </div>
      <div
        className="ant-list-item"
      >
        <div
          className="ant-list-item-meta"
        >
          <div
            className="ant-list-item-meta-content"
          >
            <h4
              className="ant-list-item-meta-title"
            >
              <a
                href="/article/undefined"
                onClick={[Function]}
              />
            </h4>
          </div>
        </div>
        <div
          className="ant-list-item-content"
        >
          <div
            className="news-keywords"
          />
        </div>
      </div>
      <div
        className="ant-list-item"
      >
        <div
          className="ant-list-item-meta"
        >
          <div
            className="ant-list-item-meta-content"
          >
            <h4
              className="ant-list-item-meta-title"
            >
              <a
                href="/article/undefined"
                onClick={[Function]}
              />
            </h4>
          </div>
        </div>
        <div
          className="ant-list-item-content"
        >
          <div
            className="news-keywords"
          />
        </div>
      </div>
    </div>
  </div>
</div>
`;
